Archive member included to satisfy reference by file (symbol)

/Users/andrey/Documents/Common/Bluetooth/Stacks/bluetopia/v4.0.2.2/FreeRTOS/Bluetopia/profiles/AUDIO/lib/gcc/libSS1BTAUD_32_M4.fp_HW_FP.a(AUD.o)
                              ./Bluetooth/Src/A3DPDemo_SNK.o (AUD_Change_Media_Codec_Parameters)
/Users/andrey/Documents/Common/Bluetooth/Stacks/bluetopia/v4.0.2.2/FreeRTOS/Bluetopia/lib/gcc/libBluetopia_32_M4.fp_HW_FP.a(BSC.o)
                              /Users/andrey/Documents/Common/Bluetooth/Stacks/bluetopia/v4.0.2.2/FreeRTOS/Bluetopia/profiles/AUDIO/lib/gcc/libSS1BTAUD_32_M4.fp_HW_FP.a(AUD.o) (BSC_AcquireListLock)
/Users/andrey/Documents/Common/Bluetooth/Stacks/bluetopia/v4.0.2.2/FreeRTOS/Bluetopia/lib/gcc/libBluetopia_32_M4.fp_HW_FP.a(BTPSTMR.o)
                              /Users/andrey/Documents/Common/Bluetooth/Stacks/bluetopia/v4.0.2.2/FreeRTOS/Bluetopia/lib/gcc/libBluetopia_32_M4.fp_HW_FP.a(BSC.o) (BTPS_CleanupTimerModule)
/Users/andrey/Documents/Common/Bluetooth/Stacks/bluetopia/v4.0.2.2/FreeRTOS/Bluetopia/lib/gcc/libBluetopia_32_M4.fp_HW_FP.a(GAP.o)
                              /Users/andrey/Documents/Common/Bluetooth/Stacks/bluetopia/v4.0.2.2/FreeRTOS/Bluetopia/lib/gcc/libBluetopia_32_M4.fp_HW_FP.a(BSC.o) (CleanupGAPInstance)
/Users/andrey/Documents/Common/Bluetooth/Stacks/bluetopia/v4.0.2.2/FreeRTOS/Bluetopia/lib/gcc/libBluetopia_32_M4.fp_HW_FP.a(GAPLE.o)
                              /Users/andrey/Documents/Common/Bluetooth/Stacks/bluetopia/v4.0.2.2/FreeRTOS/Bluetopia/lib/gcc/libBluetopia_32_M4.fp_HW_FP.a(GAP.o) (CleanupGAPLEInstance)
/Users/andrey/Documents/Common/Bluetooth/Stacks/bluetopia/v4.0.2.2/FreeRTOS/Bluetopia/lib/gcc/libBluetopia_32_M4.fp_HW_FP.a(GOEP.o)
                              /Users/andrey/Documents/Common/Bluetooth/Stacks/bluetopia/v4.0.2.2/FreeRTOS/Bluetopia/lib/gcc/libBluetopia_32_M4.fp_HW_FP.a(BSC.o) (CleanupGOEPInstance)
/Users/andrey/Documents/Common/Bluetooth/Stacks/bluetopia/v4.0.2.2/FreeRTOS/Bluetopia/lib/gcc/libBluetopia_32_M4.fp_HW_FP.a(HCI.o)
                              /Users/andrey/Documents/Common/Bluetooth/Stacks/bluetopia/v4.0.2.2/FreeRTOS/Bluetopia/lib/gcc/libBluetopia_32_M4.fp_HW_FP.a(BSC.o) (CleanupHCIInstance)
/Users/andrey/Documents/Common/Bluetooth/Stacks/bluetopia/v4.0.2.2/FreeRTOS/Bluetopia/lib/gcc/libBluetopia_32_M4.fp_HW_FP.a(L2CAP.o)
                              /Users/andrey/Documents/Common/Bluetooth/Stacks/bluetopia/v4.0.2.2/FreeRTOS/Bluetopia/lib/gcc/libBluetopia_32_M4.fp_HW_FP.a(BSC.o) (CleanupL2CAPInstance)
/Users/andrey/Documents/Common/Bluetooth/Stacks/bluetopia/v4.0.2.2/FreeRTOS/Bluetopia/lib/gcc/libBluetopia_32_M4.fp_HW_FP.a(OTP.o)
                              /Users/andrey/Documents/Common/Bluetooth/Stacks/bluetopia/v4.0.2.2/FreeRTOS/Bluetopia/lib/gcc/libBluetopia_32_M4.fp_HW_FP.a(BSC.o) (CleanupOTPInstance)
/Users/andrey/Documents/Common/Bluetooth/Stacks/bluetopia/v4.0.2.2/FreeRTOS/Bluetopia/lib/gcc/libBluetopia_32_M4.fp_HW_FP.a(RFCOMM.o)
                              /Users/andrey/Documents/Common/Bluetooth/Stacks/bluetopia/v4.0.2.2/FreeRTOS/Bluetopia/lib/gcc/libBluetopia_32_M4.fp_HW_FP.a(BSC.o) (CleanupRFCOMMInstance)
/Users/andrey/Documents/Common/Bluetooth/Stacks/bluetopia/v4.0.2.2/FreeRTOS/Bluetopia/lib/gcc/libBluetopia_32_M4.fp_HW_FP.a(SCO.o)
                              /Users/andrey/Documents/Common/Bluetooth/Stacks/bluetopia/v4.0.2.2/FreeRTOS/Bluetopia/lib/gcc/libBluetopia_32_M4.fp_HW_FP.a(BSC.o) (CleanupSCOInstance)
/Users/andrey/Documents/Common/Bluetooth/Stacks/bluetopia/v4.0.2.2/FreeRTOS/Bluetopia/lib/gcc/libBluetopia_32_M4.fp_HW_FP.a(SDP.o)
                              /Users/andrey/Documents/Common/Bluetooth/Stacks/bluetopia/v4.0.2.2/FreeRTOS/Bluetopia/lib/gcc/libBluetopia_32_M4.fp_HW_FP.a(BSC.o) (CleanupSDPInstance)
/Users/andrey/Documents/Common/Bluetooth/Stacks/bluetopia/v4.0.2.2/FreeRTOS/Bluetopia/lib/gcc/libBluetopia_32_M4.fp_HW_FP.a(SPP.o)
                              /Users/andrey/Documents/Common/Bluetooth/Stacks/bluetopia/v4.0.2.2/FreeRTOS/Bluetopia/lib/gcc/libBluetopia_32_M4.fp_HW_FP.a(BSC.o) (CleanupSPPInstance)
/Users/andrey/Documents/Common/Bluetooth/Stacks/bluetopia/v4.0.2.2/FreeRTOS/Bluetopia/lib/gcc/libBluetopia_32_M4.fp_HW_FP.a(BTPSC.o)
                              /Users/andrey/Documents/Common/Bluetooth/Stacks/bluetopia/v4.0.2.2/FreeRTOS/Bluetopia/lib/gcc/libBluetopia_32_M4.fp_HW_FP.a(BSC.o) (CleanupCertificateModule)
/Users/andrey/Documents/Common/Bluetooth/Stacks/bluetopia/v4.0.2.2/FreeRTOS/Bluetopia/lib/gcc/libBluetopia_32_M4.fp_HW_FP.a(HCIDrv.o)
                              /Users/andrey/Documents/Common/Bluetooth/Stacks/bluetopia/v4.0.2.2/FreeRTOS/Bluetopia/lib/gcc/libBluetopia_32_M4.fp_HW_FP.a(HCI.o) (HCI_CancelPacket)
/Users/andrey/Documents/Common/Bluetooth/Stacks/bluetopia/v4.0.2.2/FreeRTOS/Bluetopia/lib/gcc/libBluetopia_32_M4.fp_HW_FP.a(HCIComm.o)
                              /Users/andrey/Documents/Common/Bluetooth/Stacks/bluetopia/v4.0.2.2/FreeRTOS/Bluetopia/lib/gcc/libBluetopia_32_M4.fp_HW_FP.a(HCIDrv.o) (ChangeCommSCOConfiguration)
/Users/andrey/Documents/Common/Bluetooth/Stacks/bluetopia/v4.0.2.2/FreeRTOS/Bluetopia/lib/gcc/libBluetopia_32_M4.fp_HW_FP.a(HCILL.o)
                              /Users/andrey/Documents/Common/Bluetooth/Stacks/bluetopia/v4.0.2.2/FreeRTOS/Bluetopia/lib/gcc/libBluetopia_32_M4.fp_HW_FP.a(HCIComm.o) (HCILL_Initialize)
/Users/andrey/Documents/Common/Bluetooth/Stacks/bluetopia/v4.0.2.2/FreeRTOS/Bluetopia/lib/gcc/libBluetopia_32_M4.fp_HW_FP.a(TWUART.o)
                              /Users/andrey/Documents/Common/Bluetooth/Stacks/bluetopia/v4.0.2.2/FreeRTOS/Bluetopia/lib/gcc/libBluetopia_32_M4.fp_HW_FP.a(HCIComm.o) (TWUART_Initialize)
/Applications/STM32CubeIDE 1.7.0.app/Contents/Eclipse/plugins/com.st.stm32cube.ide.mcu.externaltools.gnu-tools-for-stm32.9-2020-q2-update.macos64_2.0.0.202105311346/tools/bin/../lib/gcc/arm-none-eabi/9.3.1/../../../../arm-none-eabi/lib/thumb/v7e-m+fp/hard/libc_nano.a(lib_a-aeabi_memcpy.o)
                              /Users/andrey/Documents/Common/Bluetooth/Stacks/bluetopia/v4.0.2.2/FreeRTOS/Bluetopia/lib/gcc/libBluetopia_32_M4.fp_HW_FP.a(GAP.o) (__aeabi_memcpy)
/Applications/STM32CubeIDE 1.7.0.app/Contents/Eclipse/plugins/com.st.stm32cube.ide.mcu.externaltools.gnu-tools-for-stm32.9-2020-q2-update.macos64_2.0.0.202105311346/tools/bin/../lib/gcc/arm-none-eabi/9.3.1/../../../../arm-none-eabi/lib/thumb/v7e-m+fp/hard/libc_nano.a(lib_a-errno.o)
                              ./Core/Src/syscalls.o (__errno)
/Applications/STM32CubeIDE 1.7.0.app/Contents/Eclipse/plugins/com.st.stm32cube.ide.mcu.externaltools.gnu-tools-for-stm32.9-2020-q2-update.macos64_2.0.0.202105311346/tools/bin/../lib/gcc/arm-none-eabi/9.3.1/../../../../arm-none-eabi/lib/thumb/v7e-m+fp/hard/libc_nano.a(lib_a-exit.o)
                              /Applications/STM32CubeIDE 1.7.0.app/Contents/Eclipse/plugins/com.st.stm32cube.ide.mcu.externaltools.gnu-tools-for-stm32.9-2020-q2-update.macos64_2.0.0.202105311346/tools/bin/../lib/gcc/arm-none-eabi/9.3.1/../../../../arm-none-eabi/lib/thumb/v7e-m+fp/hard/crt0.o (exit)
/Applications/STM32CubeIDE 1.7.0.app/Contents/Eclipse/plugins/com.st.stm32cube.ide.mcu.externaltools.gnu-tools-for-stm32.9-2020-q2-update.macos64_2.0.0.202105311346/tools/bin/../lib/gcc/arm-none-eabi/9.3.1/../../../../arm-none-eabi/lib/thumb/v7e-m+fp/hard/libc_nano.a(lib_a-findfp.o)
                              ./Middlewares/Third_Party/FreeRTOS/Source/tasks.o (__sf_fake_stderr)
/Applications/STM32CubeIDE 1.7.0.app/Contents/Eclipse/plugins/com.st.stm32cube.ide.mcu.externaltools.gnu-tools-for-stm32.9-2020-q2-update.macos64_2.0.0.202105311346/tools/bin/../lib/gcc/arm-none-eabi/9.3.1/../../../../arm-none-eabi/lib/thumb/v7e-m+fp/hard/libc_nano.a(lib_a-fwalk.o)
                              /Applications/STM32CubeIDE 1.7.0.app/Contents/Eclipse/plugins/com.st.stm32cube.ide.mcu.externaltools.gnu-tools-for-stm32.9-2020-q2-update.macos64_2.0.0.202105311346/tools/bin/../lib/gcc/arm-none-eabi/9.3.1/../../../../arm-none-eabi/lib/thumb/v7e-m+fp/hard/libc_nano.a(lib_a-findfp.o) (_fwalk)
/Applications/STM32CubeIDE 1.7.0.app/Contents/Eclipse/plugins/com.st.stm32cube.ide.mcu.externaltools.gnu-tools-for-stm32.9-2020-q2-update.macos64_2.0.0.202105311346/tools/bin/../lib/gcc/arm-none-eabi/9.3.1/../../../../arm-none-eabi/lib/thumb/v7e-m+fp/hard/libc_nano.a(lib_a-impure.o)
                              /Applications/STM32CubeIDE 1.7.0.app/Contents/Eclipse/plugins/com.st.stm32cube.ide.mcu.externaltools.gnu-tools-for-stm32.9-2020-q2-update.macos64_2.0.0.202105311346/tools/bin/../lib/gcc/arm-none-eabi/9.3.1/../../../../arm-none-eabi/lib/thumb/v7e-m+fp/hard/libc_nano.a(lib_a-exit.o) (_global_impure_ptr)
/Applications/STM32CubeIDE 1.7.0.app/Contents/Eclipse/plugins/com.st.stm32cube.ide.mcu.externaltools.gnu-tools-for-stm32.9-2020-q2-update.macos64_2.0.0.202105311346/tools/bin/../lib/gcc/arm-none-eabi/9.3.1/../../../../arm-none-eabi/lib/thumb/v7e-m+fp/hard/libc_nano.a(lib_a-init.o)
                              /Applications/STM32CubeIDE 1.7.0.app/Contents/Eclipse/plugins/com.st.stm32cube.ide.mcu.externaltools.gnu-tools-for-stm32.9-2020-q2-update.macos64_2.0.0.202105311346/tools/bin/../lib/gcc/arm-none-eabi/9.3.1/../../../../arm-none-eabi/lib/thumb/v7e-m+fp/hard/crt0.o (__libc_init_array)
/Applications/STM32CubeIDE 1.7.0.app/Contents/Eclipse/plugins/com.st.stm32cube.ide.mcu.externaltools.gnu-tools-for-stm32.9-2020-q2-update.macos64_2.0.0.202105311346/tools/bin/../lib/gcc/arm-none-eabi/9.3.1/../../../../arm-none-eabi/lib/thumb/v7e-m+fp/hard/libc_nano.a(lib_a-lock.o)
                              /Applications/STM32CubeIDE 1.7.0.app/Contents/Eclipse/plugins/com.st.stm32cube.ide.mcu.externaltools.gnu-tools-for-stm32.9-2020-q2-update.macos64_2.0.0.202105311346/tools/bin/../lib/gcc/arm-none-eabi/9.3.1/../../../../arm-none-eabi/lib/thumb/v7e-m+fp/hard/libc_nano.a(lib_a-findfp.o) (__retarget_lock_init_recursive)
/Applications/STM32CubeIDE 1.7.0.app/Contents/Eclipse/plugins/com.st.stm32cube.ide.mcu.externaltools.gnu-tools-for-stm32.9-2020-q2-update.macos64_2.0.0.202105311346/tools/bin/../lib/gcc/arm-none-eabi/9.3.1/../../../../arm-none-eabi/lib/thumb/v7e-m+fp/hard/libc_nano.a(lib_a-memcpy-stub.o)
                              ./Middlewares/Third_Party/FreeRTOS/Source/CMSIS_RTOS_V2/cmsis_os2.o (memcpy)
/Applications/STM32CubeIDE 1.7.0.app/Contents/Eclipse/plugins/com.st.stm32cube.ide.mcu.externaltools.gnu-tools-for-stm32.9-2020-q2-update.macos64_2.0.0.202105311346/tools/bin/../lib/gcc/arm-none-eabi/9.3.1/../../../../arm-none-eabi/lib/thumb/v7e-m+fp/hard/libc_nano.a(lib_a-memset.o)
                              /Applications/STM32CubeIDE 1.7.0.app/Contents/Eclipse/plugins/com.st.stm32cube.ide.mcu.externaltools.gnu-tools-for-stm32.9-2020-q2-update.macos64_2.0.0.202105311346/tools/bin/../lib/gcc/arm-none-eabi/9.3.1/../../../../arm-none-eabi/lib/thumb/v7e-m+fp/hard/crt0.o (memset)
/Applications/STM32CubeIDE 1.7.0.app/Contents/Eclipse/plugins/com.st.stm32cube.ide.mcu.externaltools.gnu-tools-for-stm32.9-2020-q2-update.macos64_2.0.0.202105311346/tools/bin/../lib/gcc/arm-none-eabi/9.3.1/../../../../arm-none-eabi/lib/thumb/v7e-m+fp/hard/libc_nano.a(lib_a-nano-mallocr.o)
                              /Applications/STM32CubeIDE 1.7.0.app/Contents/Eclipse/plugins/com.st.stm32cube.ide.mcu.externaltools.gnu-tools-for-stm32.9-2020-q2-update.macos64_2.0.0.202105311346/tools/bin/../lib/gcc/arm-none-eabi/9.3.1/../../../../arm-none-eabi/lib/thumb/v7e-m+fp/hard/libc_nano.a(lib_a-findfp.o) (_malloc_r)
/Applications/STM32CubeIDE 1.7.0.app/Contents/Eclipse/plugins/com.st.stm32cube.ide.mcu.externaltools.gnu-tools-for-stm32.9-2020-q2-update.macos64_2.0.0.202105311346/tools/bin/../lib/gcc/arm-none-eabi/9.3.1/../../../../arm-none-eabi/lib/thumb/v7e-m+fp/hard/libc_nano.a(lib_a-reent.o)
                              ./Middlewares/Third_Party/FreeRTOS/Source/tasks.o (_reclaim_reent)
/Applications/STM32CubeIDE 1.7.0.app/Contents/Eclipse/plugins/com.st.stm32cube.ide.mcu.externaltools.gnu-tools-for-stm32.9-2020-q2-update.macos64_2.0.0.202105311346/tools/bin/../lib/gcc/arm-none-eabi/9.3.1/../../../../arm-none-eabi/lib/thumb/v7e-m+fp/hard/libc_nano.a(lib_a-sbrkr.o)
                              /Applications/STM32CubeIDE 1.7.0.app/Contents/Eclipse/plugins/com.st.stm32cube.ide.mcu.externaltools.gnu-tools-for-stm32.9-2020-q2-update.macos64_2.0.0.202105311346/tools/bin/../lib/gcc/arm-none-eabi/9.3.1/../../../../arm-none-eabi/lib/thumb/v7e-m+fp/hard/libc_nano.a(lib_a-nano-mallocr.o) (_sbrk_r)
/Applications/STM32CubeIDE 1.7.0.app/Contents/Eclipse/plugins/com.st.stm32cube.ide.mcu.externaltools.gnu-tools-for-stm32.9-2020-q2-update.macos64_2.0.0.202105311346/tools/bin/../lib/gcc/arm-none-eabi/9.3.1/../../../../arm-none-eabi/lib/thumb/v7e-m+fp/hard/libc_nano.a(lib_a-stdio.o)
                              /Applications/STM32CubeIDE 1.7.0.app/Contents/Eclipse/plugins/com.st.stm32cube.ide.mcu.externaltools.gnu-tools-for-stm32.9-2020-q2-update.macos64_2.0.0.202105311346/tools/bin/../lib/gcc/arm-none-eabi/9.3.1/../../../../arm-none-eabi/lib/thumb/v7e-m+fp/hard/libc_nano.a(lib_a-findfp.o) (__sread)
/Applications/STM32CubeIDE 1.7.0.app/Contents/Eclipse/plugins/com.st.stm32cube.ide.mcu.externaltools.gnu-tools-for-stm32.9-2020-q2-update.macos64_2.0.0.202105311346/tools/bin/../lib/gcc/arm-none-eabi/9.3.1/../../../../arm-none-eabi/lib/thumb/v7e-m+fp/hard/libc_nano.a(lib_a-writer.o)
                              /Applications/STM32CubeIDE 1.7.0.app/Contents/Eclipse/plugins/com.st.stm32cube.ide.mcu.externaltools.gnu-tools-for-stm32.9-2020-q2-update.macos64_2.0.0.202105311346/tools/bin/../lib/gcc/arm-none-eabi/9.3.1/../../../../arm-none-eabi/lib/thumb/v7e-m+fp/hard/libc_nano.a(lib_a-stdio.o) (_write_r)
/Applications/STM32CubeIDE 1.7.0.app/Contents/Eclipse/plugins/com.st.stm32cube.ide.mcu.externaltools.gnu-tools-for-stm32.9-2020-q2-update.macos64_2.0.0.202105311346/tools/bin/../lib/gcc/arm-none-eabi/9.3.1/../../../../arm-none-eabi/lib/thumb/v7e-m+fp/hard/libc_nano.a(lib_a-closer.o)
                              /Applications/STM32CubeIDE 1.7.0.app/Contents/Eclipse/plugins/com.st.stm32cube.ide.mcu.externaltools.gnu-tools-for-stm32.9-2020-q2-update.macos64_2.0.0.202105311346/tools/bin/../lib/gcc/arm-none-eabi/9.3.1/../../../../arm-none-eabi/lib/thumb/v7e-m+fp/hard/libc_nano.a(lib_a-stdio.o) (_close_r)
/Applications/STM32CubeIDE 1.7.0.app/Contents/Eclipse/plugins/com.st.stm32cube.ide.mcu.externaltools.gnu-tools-for-stm32.9-2020-q2-update.macos64_2.0.0.202105311346/tools/bin/../lib/gcc/arm-none-eabi/9.3.1/../../../../arm-none-eabi/lib/thumb/v7e-m+fp/hard/libc_nano.a(lib_a-fflush.o)
                              /Applications/STM32CubeIDE 1.7.0.app/Contents/Eclipse/plugins/com.st.stm32cube.ide.mcu.externaltools.gnu-tools-for-stm32.9-2020-q2-update.macos64_2.0.0.202105311346/tools/bin/../lib/gcc/arm-none-eabi/9.3.1/../../../../arm-none-eabi/lib/thumb/v7e-m+fp/hard/libc_nano.a(lib_a-findfp.o) (_fflush_r)
/Applications/STM32CubeIDE 1.7.0.app/Contents/Eclipse/plugins/com.st.stm32cube.ide.mcu.externaltools.gnu-tools-for-stm32.9-2020-q2-update.macos64_2.0.0.202105311346/tools/bin/../lib/gcc/arm-none-eabi/9.3.1/../../../../arm-none-eabi/lib/thumb/v7e-m+fp/hard/libc_nano.a(lib_a-lseekr.o)
                              /Applications/STM32CubeIDE 1.7.0.app/Contents/Eclipse/plugins/com.st.stm32cube.ide.mcu.externaltools.gnu-tools-for-stm32.9-2020-q2-update.macos64_2.0.0.202105311346/tools/bin/../lib/gcc/arm-none-eabi/9.3.1/../../../../arm-none-eabi/lib/thumb/v7e-m+fp/hard/libc_nano.a(lib_a-stdio.o) (_lseek_r)
/Applications/STM32CubeIDE 1.7.0.app/Contents/Eclipse/plugins/com.st.stm32cube.ide.mcu.externaltools.gnu-tools-for-stm32.9-2020-q2-update.macos64_2.0.0.202105311346/tools/bin/../lib/gcc/arm-none-eabi/9.3.1/../../../../arm-none-eabi/lib/thumb/v7e-m+fp/hard/libc_nano.a(lib_a-mlock.o)
                              /Applications/STM32CubeIDE 1.7.0.app/Contents/Eclipse/plugins/com.st.stm32cube.ide.mcu.externaltools.gnu-tools-for-stm32.9-2020-q2-update.macos64_2.0.0.202105311346/tools/bin/../lib/gcc/arm-none-eabi/9.3.1/../../../../arm-none-eabi/lib/thumb/v7e-m+fp/hard/libc_nano.a(lib_a-nano-mallocr.o) (__malloc_lock)
/Applications/STM32CubeIDE 1.7.0.app/Contents/Eclipse/plugins/com.st.stm32cube.ide.mcu.externaltools.gnu-tools-for-stm32.9-2020-q2-update.macos64_2.0.0.202105311346/tools/bin/../lib/gcc/arm-none-eabi/9.3.1/../../../../arm-none-eabi/lib/thumb/v7e-m+fp/hard/libc_nano.a(lib_a-nano-freer.o)
                              /Applications/STM32CubeIDE 1.7.0.app/Contents/Eclipse/plugins/com.st.stm32cube.ide.mcu.externaltools.gnu-tools-for-stm32.9-2020-q2-update.macos64_2.0.0.202105311346/tools/bin/../lib/gcc/arm-none-eabi/9.3.1/../../../../arm-none-eabi/lib/thumb/v7e-m+fp/hard/libc_nano.a(lib_a-reent.o) (_free_r)
/Applications/STM32CubeIDE 1.7.0.app/Contents/Eclipse/plugins/com.st.stm32cube.ide.mcu.externaltools.gnu-tools-for-stm32.9-2020-q2-update.macos64_2.0.0.202105311346/tools/bin/../lib/gcc/arm-none-eabi/9.3.1/../../../../arm-none-eabi/lib/thumb/v7e-m+fp/hard/libc_nano.a(lib_a-readr.o)
                              /Applications/STM32CubeIDE 1.7.0.app/Contents/Eclipse/plugins/com.st.stm32cube.ide.mcu.externaltools.gnu-tools-for-stm32.9-2020-q2-update.macos64_2.0.0.202105311346/tools/bin/../lib/gcc/arm-none-eabi/9.3.1/../../../../arm-none-eabi/lib/thumb/v7e-m+fp/hard/libc_nano.a(lib_a-stdio.o) (_read_r)
/Applications/STM32CubeIDE 1.7.0.app/Contents/Eclipse/plugins/com.st.stm32cube.ide.mcu.externaltools.gnu-tools-for-stm32.9-2020-q2-update.macos64_2.0.0.202105311346/tools/bin/../lib/gcc/arm-none-eabi/9.3.1/thumb/v7e-m+fp/hard/libgcc.a(_aeabi_uldivmod.o)
                              ./Drivers/STM32L4xx_HAL_Driver/Src/stm32l4xx_hal_uart.o (__aeabi_uldivmod)
/Applications/STM32CubeIDE 1.7.0.app/Contents/Eclipse/plugins/com.st.stm32cube.ide.mcu.externaltools.gnu-tools-for-stm32.9-2020-q2-update.macos64_2.0.0.202105311346/tools/bin/../lib/gcc/arm-none-eabi/9.3.1/thumb/v7e-m+fp/hard/libgcc.a(_udivmoddi4.o)
                              /Applications/STM32CubeIDE 1.7.0.app/Contents/Eclipse/plugins/com.st.stm32cube.ide.mcu.externaltools.gnu-tools-for-stm32.9-2020-q2-update.macos64_2.0.0.202105311346/tools/bin/../lib/gcc/arm-none-eabi/9.3.1/thumb/v7e-m+fp/hard/libgcc.a(_aeabi_uldivmod.o) (__udivmoddi4)
/Applications/STM32CubeIDE 1.7.0.app/Contents/Eclipse/plugins/com.st.stm32cube.ide.mcu.externaltools.gnu-tools-for-stm32.9-2020-q2-update.macos64_2.0.0.202105311346/tools/bin/../lib/gcc/arm-none-eabi/9.3.1/thumb/v7e-m+fp/hard/libgcc.a(_dvmd_tls.o)
                              /Applications/STM32CubeIDE 1.7.0.app/Contents/Eclipse/plugins/com.st.stm32cube.ide.mcu.externaltools.gnu-tools-for-stm32.9-2020-q2-update.macos64_2.0.0.202105311346/tools/bin/../lib/gcc/arm-none-eabi/9.3.1/thumb/v7e-m+fp/hard/libgcc.a(_aeabi_uldivmod.o) (__aeabi_ldiv0)

Allocating common symbols
Common symbol       size              file

retSD               0x1               ./FATFS/App/fatfs.o
hUsbDeviceFS        0x2d0             ./USB_DEVICE/App/usb_device.o
__lock___atexit_recursive_mutex
                    0x1               /Applications/STM32CubeIDE 1.7.0.app/Contents/Eclipse/plugins/com.st.stm32cube.ide.mcu.externaltools.gnu-tools-for-stm32.9-2020-q2-update.macos64_2.0.0.202105311346/tools/bin/../lib/gcc/arm-none-eabi/9.3.1/../../../../arm-none-eabi/lib/thumb/v7e-m+fp/hard/libc_nano.a(lib_a-lock.o)
btAudioTaskHandle   0x4               ./Core/Src/freertos.o
defaultTaskHandle   0x4               ./Core/Src/freertos.o
hdma_usart2_rx      0x60              ./Core/Src/usart.o
hopamp2             0x34              ./Core/Src/opamp.o
hi2c4               0x4c              ./Core/Src/i2c.o
__lock___arc4random_mutex
                    0x1               /Applications/STM32CubeIDE 1.7.0.app/Contents/Eclipse/plugins/com.st.stm32cube.ide.mcu.externaltools.gnu-tools-for-stm32.9-2020-q2-update.macos64_2.0.0.202105311346/tools/bin/../lib/gcc/arm-none-eabi/9.3.1/../../../../arm-none-eabi/lib/thumb/v7e-m+fp/hard/libc_nano.a(lib_a-lock.o)
errno               0x4               /Applications/STM32CubeIDE 1.7.0.app/Contents/Eclipse/plugins/com.st.stm32cube.ide.mcu.externaltools.gnu-tools-for-stm32.9-2020-q2-update.macos64_2.0.0.202105311346/tools/bin/../lib/gcc/arm-none-eabi/9.3.1/../../../../arm-none-eabi/lib/thumb/v7e-m+fp/hard/libc_nano.a(lib_a-reent.o)
hdac1               0x14              ./Core/Src/dac.o
huart3              0x90              ./Core/Src/usart.o
hi2c1               0x4c              ./Core/Src/i2c.o
hpcd_USB_OTG_FS     0x408             ./USB_DEVICE/Target/usbd_conf.o
hcrc                0x24              ./Core/Src/crc.o
hi2c2               0x4c              ./Core/Src/i2c.o
hsd1                0x80              ./Core/Src/sdmmc.o
htim17              0x4c              ./Core/Src/stm32l4xx_hal_timebase_tim.o
uwTick              0x4               ./Drivers/STM32L4xx_HAL_Driver/Src/stm32l4xx_hal.o
xQueueRegistry      0x40              ./Middlewares/Third_Party/FreeRTOS/Source/queue.o
__lock___env_recursive_mutex
                    0x1               /Applications/STM32CubeIDE 1.7.0.app/Contents/Eclipse/plugins/com.st.stm32cube.ide.mcu.externaltools.gnu-tools-for-stm32.9-2020-q2-update.macos64_2.0.0.202105311346/tools/bin/../lib/gcc/arm-none-eabi/9.3.1/../../../../arm-none-eabi/lib/thumb/v7e-m+fp/hard/libc_nano.a(lib_a-lock.o)
__lock___sinit_recursive_mutex
                    0x1               /Applications/STM32CubeIDE 1.7.0.app/Contents/Eclipse/plugins/com.st.stm32cube.ide.mcu.externaltools.gnu-tools-for-stm32.9-2020-q2-update.macos64_2.0.0.202105311346/tools/bin/../lib/gcc/arm-none-eabi/9.3.1/../../../../arm-none-eabi/lib/thumb/v7e-m+fp/hard/libc_nano.a(lib_a-lock.o)
UserRxBufferFS      0x800             ./USB_DEVICE/App/usbd_cdc_if.o
hlpuart1            0x90              ./Core/Src/usart.o
hsai_BlockB1        0x94              ./Core/Src/sai.o
__lock___malloc_recursive_mutex
                    0x1               /Applications/STM32CubeIDE 1.7.0.app/Contents/Eclipse/plugins/com.st.stm32cube.ide.mcu.externaltools.gnu-tools-for-stm32.9-2020-q2-update.macos64_2.0.0.202105311346/tools/bin/../lib/gcc/arm-none-eabi/9.3.1/../../../../arm-none-eabi/lib/thumb/v7e-m+fp/hard/libc_nano.a(lib_a-lock.o)
hopamp1             0x34              ./Core/Src/opamp.o
hdma_usart1_tx      0x60              ./Core/Src/usart.o
hadc1               0x68              ./Core/Src/adc.o
hdma_usart1_rx      0x60              ./Core/Src/usart.o
hdma_usart2_tx      0x60              ./Core/Src/usart.o
huart1              0x90              ./Core/Src/usart.o
UserTxBufferFS      0x800             ./USB_DEVICE/App/usbd_cdc_if.o
SDPath              0x4               ./FATFS/App/fatfs.o
hrtc                0x24              ./Core/Src/rtc.o
hspi1               0x64              ./Core/Src/spi.o
hsai_BlockA1        0x94              ./Core/Src/sai.o
huart2              0x90              ./Core/Src/usart.o
SDFile              0x230             ./FATFS/App/fatfs.o
__lock___at_quick_exit_mutex
                    0x1               /Applications/STM32CubeIDE 1.7.0.app/Contents/Eclipse/plugins/com.st.stm32cube.ide.mcu.externaltools.gnu-tools-for-stm32.9-2020-q2-update.macos64_2.0.0.202105311346/tools/bin/../lib/gcc/arm-none-eabi/9.3.1/../../../../arm-none-eabi/lib/thumb/v7e-m+fp/hard/libc_nano.a(lib_a-lock.o)
hdma_spi1_rx        0x60              ./Core/Src/spi.o
USBD_StrDesc        0x200             ./USB_DEVICE/App/usbd_desc.o
__lock___dd_hash_mutex
                    0x1               /Applications/STM32CubeIDE 1.7.0.app/Contents/Eclipse/plugins/com.st.stm32cube.ide.mcu.externaltools.gnu-tools-for-stm32.9-2020-q2-update.macos64_2.0.0.202105311346/tools/bin/../lib/gcc/arm-none-eabi/9.3.1/../../../../arm-none-eabi/lib/thumb/v7e-m+fp/hard/libc_nano.a(lib_a-lock.o)
__lock___tz_mutex   0x1               /Applications/STM32CubeIDE 1.7.0.app/Contents/Eclipse/plugins/com.st.stm32cube.ide.mcu.externaltools.gnu-tools-for-stm32.9-2020-q2-update.macos64_2.0.0.202105311346/tools/bin/../lib/gcc/arm-none-eabi/9.3.1/../../../../arm-none-eabi/lib/thumb/v7e-m+fp/hard/libc_nano.a(lib_a-lock.o)
hdma_spi1_tx        0x60              ./Core/Src/spi.o
SDFatFS             0x234             ./FATFS/App/fatfs.o
__lock___sfp_recursive_mutex
                    0x1               /Applications/STM32CubeIDE 1.7.0.app/Contents/Eclipse/plugins/com.st.stm32cube.ide.mcu.externaltools.gnu-tools-for-stm32.9-2020-q2-update.macos64_2.0.0.202105311346/tools/bin/../lib/gcc/arm-none-eabi/9.3.1/../../../../arm-none-eabi/lib/thumb/v7e-m+fp/hard/libc_nano.a(lib_a-lock.o)
