BTPSKRNL.c:488:13:BTPS_QueryMemoryUsage	24	static
BTPSKRNL.c:497:14:BTPS_Delay	8	static
BTPSKRNL.c:522:17:BTPS_CreateMutex	16	static
BTPSKRNL.c:565:19:BTPS_WaitMutex	24	static
BTPSKRNL.c:622:14:BTPS_ReleaseMutex	0	static
BTPSKRNL.c:640:14:BTPS_CloseMutex	0	static
BTPSKRNL.c:727:19:BTPS_WaitEvent	24	static
BTPSKRNL.c:816:14:BTPS_ResetEvent	8	static
BTPSKRNL.c:853:14:BTPS_SetEvent	8	static
BTPSKRNL.c:908:15:BTPS_AllocateMemory	24	static
BTPSKRNL.c:934:14:BTPS_FreeMemory	24	static
BTPSKRNL.c:666:17:BTPS_CreateEvent	16	static
BTPSKRNL.c:890:14:BTPS_CloseEvent	8	static
BTPSKRNL.c:465:13:ThreadWrapper	8	static
BTPSKRNL.c:955:14:BTPS_MemCopy	0	static
BTPSKRNL.c:972:14:BTPS_MemMove	0	static
BTPSKRNL.c:985:14:BTPS_MemInitialize	0	static
BTPSKRNL.c:997:13:BTPS_MemCompare	0	static
BTPSKRNL.c:1010:13:BTPS_MemCompareI	20	static
BTPSKRNL.c:1057:14:BTPS_StringCopy	0	static
BTPSKRNL.c:1069:22:BTPS_StringLength	0	static
BTPSKRNL.c:1079:13:BTPS_SprintF	12	static
BTPSKRNL.c:1107:24:BTPS_CreateThread	32	static
BTPSKRNL.c:1164:24:BTPS_CurrentThreadHandle	0	static
BTPSKRNL.c:1181:19:BTPS_CreateMailbox	16	static
BTPSKRNL.c:1234:19:BTPS_AddMailbox	16	static
BTPSKRNL.c:1281:19:BTPS_WaitMailbox	16	static
BTPSKRNL.c:1320:14:BTPS_DeleteMailbox	24	static
BTPSKRNL.c:1388:14:BTPS_Init	8	static
BTPSKRNL.c:1416:14:BTPS_DeInit	16	static
BTPSKRNL.c:1429:14:BTPS_OutputMessage	280	static
BTPSKRNL.c:1457:14:BTPS_SetDebugMask	0	static
BTPSKRNL.c:1464:13:BTPS_TestDebugZone	0	static
BTPSKRNL.c:1473:13:BTPS_DumpData	40	static
