A3DPDemo_SNK.c:464:13:UserInterface	8	static
A3DPDemo_SNK.c:501:18:CommandLineInterpreter	72	static
A3DPDemo_SNK.c:552:22:StringToUnsignedInteger	40	static
A3DPDemo_SNK.c:660:14:StringParser	24	static
A3DPDemo_SNK.c:699:12:CommandParser	32	static
A3DPDemo_SNK.c:790:12:CommandInterpreter	40	static
A3DPDemo_SNK.c:851:12:AddCommand	24	static
A3DPDemo_SNK.c:884:26:FindCommand	32	static
A3DPDemo_SNK.c:908:13:ClearCommands	4	static
A3DPDemo_SNK.c:919:13:BD_ADDRToStr	48	static
A3DPDemo_SNK.c:925:13:DisplayIOCapabilities	8	static
A3DPDemo_SNK.c:931:13:DisplayClassOfDevice	16	static
A3DPDemo_SNK.c:937:13:DisplayPrompt	8	static
A3DPDemo_SNK.c:943:13:DisplayUsage	16	static
A3DPDemo_SNK.c:949:13:DisplayFunctionError	16	static
A3DPDemo_SNK.c:954:13:DisplayFunctionSuccess	16	static
A3DPDemo_SNK.c:964:12:OpenStack	64	static
A3DPDemo_SNK.c:1112:12:CloseStack	16	static
A3DPDemo_SNK.c:1148:12:SetDisc	16	static
A3DPDemo_SNK.c:1183:12:SetConnect	16	static
A3DPDemo_SNK.c:1217:12:SetPairable	16	static
A3DPDemo_SNK.c:1268:12:DeleteLinkKey	32	static
A3DPDemo_SNK.c:1303:13:FormatEIRData	344	static
A3DPDemo_SNK.c:1393:12:Initialize_Sink	272	static
A3DPDemo_SNK.c:1473:13:DisplaySupportedFormats	24	static
A3DPDemo_SNK.c:1482:13:Change_connection_priority	72	static
A3DPDemo_SNK.c:1561:12:ReconfigureA3DPStream	32	static
A3DPDemo_SNK.c:1607:12:OpenA3DPStream	96	static
A3DPDemo_SNK.c:1654:12:CloseA3DPStream	16	static
A3DPDemo_SNK.c:1686:12:StartA3DPStream	24	static
A3DPDemo_SNK.c:1734:12:StopA3DPStream	16	static
A3DPDemo_SNK.c:1757:12:DisplayHelp	16	static
A3DPDemo_SNK.c:1780:13:DisplayFWVersion	48	static
A3DPDemo_SNK.c:1809:12:QueryMemory	40	static
A3DPDemo_SNK.c:1841:13:RemoteControlCommandAsync	24	static
A3DPDemo_SNK.c:1856:12:QueueRemoteControlCommand	24	static
A3DPDemo_SNK.c:1869:12:Inquiry	40	static
A3DPDemo_SNK.c:1918:12:DisplayInquiryList	24	static
A3DPDemo_SNK.c:1956:12:ChangeSimplePairingParameters	24	static
A3DPDemo_SNK.c:2014:12:EndPairing	24	static
A3DPDemo_SNK.c:2072:12:SetLocalName	24	static
A3DPDemo_SNK.c:2126:12:GetLocalName	32	static
A3DPDemo_SNK.c:2180:12:GetRemoteName	32	static
A3DPDemo_SNK.c:2235:12:SetClassOfDevice	32	static
A3DPDemo_SNK.c:2293:12:GetClassOfDevice	32	static
A3DPDemo_SNK.c:2334:12:Pair	48	static
A3DPDemo_SNK.c:2402:12:PINCodeResponse	88	static
A3DPDemo_SNK.c:2489:12:PassKeyResponse	64	static
A3DPDemo_SNK.c:2568:12:UserConfirmationResponse	64	static
A3DPDemo_SNK.c:2644:12:OpenA3DPEndpoint	24	static
A3DPDemo_SNK.c:2695:12:CloseA3DPEndpoint	24	static
A3DPDemo_SNK.c:2731:12:SetDiscoverabilityMode	32	static
A3DPDemo_SNK.c:2798:12:SetConnectabilityMode	32	static
A3DPDemo_SNK.c:2860:12:SetPairabilityMode	32	static
A3DPDemo_SNK.c:2943:12:GetLocalAddress	32	static
A3DPDemo_SNK.c:2987:12:SetBaudRate	24	static
A3DPDemo_SNK.c:3031:12:RemotePlay	24	static
A3DPDemo_SNK.c:3050:12:RemotePause	24	static
A3DPDemo_SNK.c:3069:12:RemoteNext	24	static
A3DPDemo_SNK.c:3088:12:RemotePrev	24	static
A3DPDemo_SNK.c:3110:12:PcmLoopback	24	static
A3DPDemo_SNK.c:3169:21:AUD_Event_Callback	40	static
A3DPDemo_SNK.c:3422:21:GAP_Event_Callback	96	static
A3DPDemo_SNK.c:3769:5:InitializeApplication	24	static
A3DPDemo_SNK.c:3845:11:ProcessCommandLine	16	static
A3DPDemo_SNK.c:3852:5:SendRemoteControlCommand	64	static
