A3DPDemo_SNK.c:464:13:UserInterface	8	static
A3DPDemo_SNK.c:501:18:CommandLineInterpreter	72	static
A3DPDemo_SNK.c:552:22:StringToUnsignedInteger	40	static
A3DPDemo_SNK.c:660:14:StringParser	24	static
A3DPDemo_SNK.c:699:12:CommandParser	32	static
A3DPDemo_SNK.c:790:12:CommandInterpreter	40	static
A3DPDemo_SNK.c:851:12:AddCommand	24	static
A3DPDemo_SNK.c:884:26:FindCommand	32	static
A3DPDemo_SNK.c:908:13:ClearCommands	4	static
A3DPDemo_SNK.c:919:13:BD_ADDRToStr	48	static
A3DPDemo_SNK.c:925:13:DisplayIOCapabilities	4	static
A3DPDemo_SNK.c:931:13:DisplayClassOfDevice	16	static
A3DPDemo_SNK.c:937:13:DisplayPrompt	4	static
A3DPDemo_SNK.c:943:13:DisplayUsage	16	static
A3DPDemo_SNK.c:949:13:DisplayFunctionError	16	static
A3DPDemo_SNK.c:954:13:DisplayFunctionSuccess	16	static
A3DPDemo_SNK.c:964:12:OpenStack	64	static
A3DPDemo_SNK.c:1113:12:CloseStack	16	static
A3DPDemo_SNK.c:1149:12:SetDisc	16	static
A3DPDemo_SNK.c:1184:12:SetConnect	16	static
A3DPDemo_SNK.c:1218:12:SetPairable	16	static
A3DPDemo_SNK.c:1269:12:DeleteLinkKey	32	static
A3DPDemo_SNK.c:1304:13:FormatEIRData	344	static
A3DPDemo_SNK.c:1394:12:Initialize_Sink	272	static
A3DPDemo_SNK.c:1474:13:DisplaySupportedFormats	24	static
A3DPDemo_SNK.c:1483:13:Change_connection_priority	72	static
A3DPDemo_SNK.c:1562:12:ReconfigureA3DPStream	32	static
A3DPDemo_SNK.c:1608:12:OpenA3DPStream	96	static
A3DPDemo_SNK.c:1655:12:CloseA3DPStream	16	static
A3DPDemo_SNK.c:1687:12:StartA3DPStream	24	static
A3DPDemo_SNK.c:1735:12:StopA3DPStream	16	static
A3DPDemo_SNK.c:1758:12:DisplayHelp	16	static
A3DPDemo_SNK.c:1781:13:DisplayFWVersion	48	static
A3DPDemo_SNK.c:1810:12:QueryMemory	40	static
A3DPDemo_SNK.c:1842:13:RemoteControlCommandAsync	24	static
A3DPDemo_SNK.c:1857:12:QueueRemoteControlCommand	24	static
A3DPDemo_SNK.c:1870:12:Inquiry	40	static
A3DPDemo_SNK.c:1919:12:DisplayInquiryList	24	static
A3DPDemo_SNK.c:1957:12:ChangeSimplePairingParameters	24	static
A3DPDemo_SNK.c:2015:12:EndPairing	24	static
A3DPDemo_SNK.c:2073:12:SetLocalName	24	static
A3DPDemo_SNK.c:2127:12:GetLocalName	32	static
A3DPDemo_SNK.c:2181:12:GetRemoteName	32	static
A3DPDemo_SNK.c:2236:12:SetClassOfDevice	32	static
A3DPDemo_SNK.c:2294:12:GetClassOfDevice	32	static
A3DPDemo_SNK.c:2335:12:Pair	48	static
A3DPDemo_SNK.c:2403:12:PINCodeResponse	88	static
A3DPDemo_SNK.c:2490:12:PassKeyResponse	64	static
A3DPDemo_SNK.c:2569:12:UserConfirmationResponse	64	static
A3DPDemo_SNK.c:2645:12:OpenA3DPEndpoint	24	static
A3DPDemo_SNK.c:2696:12:CloseA3DPEndpoint	24	static
A3DPDemo_SNK.c:2732:12:SetDiscoverabilityMode	32	static
A3DPDemo_SNK.c:2799:12:SetConnectabilityMode	32	static
A3DPDemo_SNK.c:2861:12:SetPairabilityMode	32	static
A3DPDemo_SNK.c:2944:12:GetLocalAddress	32	static
A3DPDemo_SNK.c:2988:12:SetBaudRate	24	static
A3DPDemo_SNK.c:3032:12:RemotePlay	24	static
A3DPDemo_SNK.c:3051:12:RemotePause	24	static
A3DPDemo_SNK.c:3070:12:RemoteNext	24	static
A3DPDemo_SNK.c:3089:12:RemotePrev	24	static
A3DPDemo_SNK.c:3111:12:PcmLoopback	24	static
A3DPDemo_SNK.c:3170:21:AUD_Event_Callback	40	static
A3DPDemo_SNK.c:3423:21:GAP_Event_Callback	96	static
A3DPDemo_SNK.c:3770:5:InitializeApplication	24	static
A3DPDemo_SNK.c:3846:11:ProcessCommandLine	16	static
A3DPDemo_SNK.c:3853:5:SendRemoteControlCommand	64	static
