DIS.c:475:13:CleanupModule	0	static
DIS.c:486:18:InstanceRegisteredByStackID	0	static
DIS.c:460:18:InitializeModule	8	static
DIS.c:510:29:AcquireServiceInstance	16	static
DIS.c:580:12:DISRegisterService	48	static
DIS.c:645:21:GATT_ServerEventCallback	32	static
DIS.c:722:5:InitializeDISModule	8	static
DIS.c:740:6:CleanupDISModule	8	static
DIS.c:771:13:DIS_Initialize_Service	16	static
DIS.c:793:13:DIS_Initialize_Service_Handle_Range	8	static
DIS.c:804:13:DIS_Cleanup_Service	24	static
DIS.c:904:22:DIS_Query_Number_Attributes	0	static
DIS.c:923:13:DIS_Set_Manufacturer_Name	32	static
DIS.c:989:13:DIS_Query_Manufacturer_Name	32	static
DIS.c:1043:13:DIS_Set_Model_Number	32	static
DIS.c:1107:13:DIS_Query_Model_Number	32	static
DIS.c:1161:13:DIS_Set_Serial_Number	32	static
DIS.c:1225:13:DIS_Query_Serial_Number	32	static
DIS.c:1280:13:DIS_Set_Hardware_Revision	32	static
DIS.c:1346:13:DIS_Query_Hardware_Revision	32	static
DIS.c:1401:13:DIS_Set_Firmware_Revision	32	static
DIS.c:1467:13:DIS_Query_Firmware_Revision	32	static
DIS.c:1522:13:DIS_Set_Software_Revision	32	static
DIS.c:1588:13:DIS_Query_Software_Revision	32	static
DIS.c:1640:13:DIS_Set_System_ID	24	static
DIS.c:1686:13:DIS_Query_System_ID	24	static
DIS.c:1737:13:DIS_Set_IEEE_Certification_Data	32	static
DIS.c:1803:13:DIS_Query_IEEE_Certification_Data	24	static
DIS.c:1854:13:DIS_Set_PNP_ID	24	static
DIS.c:1904:13:DIS_Query_PNP_ID	16	static
DIS.c:1954:13:DIS_Decode_PNP_ID	0	static
