core_cm4.h:1717:22:__NVIC_DisableIRQ	16	static,ignoring_inline_asm
HCITRANS.c:111:13:SetBaudRate	16	static
HCITRANS.c:115:13:SetSuspendGPIO	16	static
HCITRANS.c:121:13:TxInterrupt	4	static
HCITRANS.c:153:13:RxInterrupt	4	static
HCITRANS.c:189:6:EXTI3_IRQHandler	8	static
HCITRANS.c:234:13:HCITR_COMOpen	32	static
HCITRANS.c:311:14:HCITR_COMClose	32	static
HCITRANS.c:378:14:HCITR_COMReconfigure	32	static,ignoring_inline_asm
HCITRANS.c:405:14:HCITR_COMProcess	40	static,ignoring_inline_asm
HCITRANS.c:495:13:HCITR_COMWrite	56	static,ignoring_inline_asm
HCITRANS.c:608:13:HCITR_COMSuspend	32	static,ignoring_inline_asm
HCITRANS.c:667:13:HCITR_EnableDebugLogging	24	static
HCITRANS.c:686:6:HAL_UARTEx_RxEventCallback	16	static
HCITRANS.c:692:6:HAL_UARTEx_TxEventCallback	16	static
