HRPDemo.c:1007:12:AddCommand	4	static
HRPDemo.c:1552:12:SetDisc	0	static
HRPDemo.c:1579:12:SetConnect	0	static
HRPDemo.c:1665:18:AppearanceToString	4	static
HRPDemo.c:1692:18:AppearanceIndexToAppearance	0	static
HRPDemo.c:1709:13:GAPSPopulateHandles	8	static
HRPDemo.c:2040:13:ConfigureCapabilities	0	static
HRPDemo.c:1123:13:DisplayAdvertisingData	24	static
HRPDemo.c:1150:13:DisplayPairingInformation	24	static
HRPDemo.c:1217:13:DisplayUsage	8	static
HRPDemo.c:1187:13:DisplayUUID	96	static
HRPDemo.c:1753:13:HRSPopulateHandles	24	static
HRPDemo.c:1654:13:DumpAppearanceMappings	8	static
HRPDemo.c:1289:13:DisplayConnectLEUsage	8	static
HRPDemo.c:1117:13:DisplayIOCapabilities	8	static
HRPDemo.c:2565:12:ChangePairingParameters	8	static
HRPDemo.c:2439:12:SetConnectabilityMode	8	static
HRPDemo.c:2386:12:SetDiscoverabilityMode	8	static
HRPDemo.c:2354:12:DisplayHelp	8	static
HRPDemo.c:1211:13:DisplayPrompt	8	static
HRPDemo.c:1223:13:DisplayFunctionError	8	static
HRPDemo.c:3560:12:SetLocalAppearance	16	static
HRPDemo.c:572:22:SearchDeviceInfoEntryByBD_ADDR	24	static
HRPDemo.c:5356:21:GATT_Service_Discovery_Event_Callback	24	static
HRPDemo.c:1064:13:ClearCommands	8	static
HRPDemo.c:609:13:UserInterface	8	static
HRPDemo.c:2253:43:DecodeDisplayHeartRate	40	static
HRPDemo.c:1230:13:DisplayFWVersion	40	static
HRPDemo.c:1077:13:BD_ADDRToStr	32	static
HRPDemo.c:1302:12:OpenStack	64	static
HRPDemo.c:5231:21:GATT_Connection_Event_Callback	40	static
HRPDemo.c:4910:21:GATT_ClientEventCallback_HRP	40	static
HRPDemo.c:5107:21:GATT_ClientEventCallback_GAPS	40	static
HRPDemo.c:2816:12:GetLocalAddress	32	static
HRPDemo.c:2486:12:SetPairabilityMode	16	static
HRPDemo.c:1605:12:SetPairable	8	static
HRPDemo.c:2148:12:SlavePairingRequestResponse	64	static
HRPDemo.c:2002:12:DisconnectLEDevice	16	static
HRPDemo.c:3247:12:DisconnectLE	8	static
HRPDemo.c:539:18:CreateNewDeviceInfoEntry	40	static
HRPDemo.c:2083:12:SendPairingRequest	72	static
HRPDemo.c:3282:12:PairLE	8	static
HRPDemo.c:584:22:DeleteDeviceInfoEntry	24	static
HRPDemo.c:591:13:FreeDeviceInfoEntryMemory	8	static
HRPDemo.c:2186:12:EncryptionInformationRequestResponse	48	static
HRPDemo.c:4244:21:GAP_LE_Event_Callback	152	static
HRPDemo.c:1258:12:QueryMemory	40	static
HRPDemo.c:4160:12:ResetEnergyExpended	40	static
HRPDemo.c:1843:12:EnableDisableNotificationsIndications	32	static
HRPDemo.c:3809:12:ConfigureRemoteHRS	16	static
HRPDemo.c:4107:12:SetBodySensorLocation	16	static
HRPDemo.c:4051:12:GetBodySensorLocation	24	static
HRPDemo.c:3615:12:GetRemoteAppearance	16	static
HRPDemo.c:3465:12:ReadRemoteName	16	static
HRPDemo.c:3753:12:DiscoverHRS	48	static
HRPDemo.c:3321:12:DiscoverGAPS	48	static
HRPDemo.c:3720:12:UnregisterHRS	8	static
HRPDemo.c:3888:12:NotifyHeartRate	16	static
HRPDemo.c:3671:12:RegisterHRS	16	static
HRPDemo.c:4746:21:HRS_EventCallback	32	static
HRPDemo.c:3521:12:GetLocalAppearance	16	static
HRPDemo.c:3423:12:SetLocalName	8	static
HRPDemo.c:2628:12:LEPassKeyResponse	40	static
HRPDemo.c:1087:13:StrToBD_ADDR	16	static
HRPDemo.c:700:22:StringToUnsignedInteger	24	static
HRPDemo.c:808:14:StringParser	16	static
HRPDemo.c:847:12:CommandParser	32	static
HRPDemo.c:3388:12:GetLocalName	64	static
HRPDemo.c:2749:12:LESetPasskey	16	static
HRPDemo.c:2705:12:LEQueryEncryption	16	static
HRPDemo.c:2861:12:SetBaudRate	16	static
HRPDemo.c:1918:13:ResolveRemoteAddressHelper	16	static
HRPDemo.c:1931:12:ConnectLEDevice	72	static
HRPDemo.c:3172:12:ConnectLE	32	static
HRPDemo.c:1891:12:StopScan	8	static
HRPDemo.c:3143:12:StopScanning	8	static
HRPDemo.c:1862:12:StartScan	32	static
HRPDemo.c:3118:12:StartScanning	8	static
HRPDemo.c:2906:12:AdvertiseLE	80	static
HRPDemo.c:599:13:FreeDeviceInfoList	8	static
HRPDemo.c:1486:12:CloseStack	8	static
HRPDemo.c:1040:26:FindCommand	24	static
HRPDemo.c:947:12:CommandInterpreter	16	static
HRPDemo.c:651:18:CommandLineInterpreter	56	static
HRPDemo.c:5444:5:InitializeApplication	8	static
HRPDemo.c:5519:11:ProcessCommandLine	8	static
