HSPDemo.c:911:12:AddCommand	4	static
HSPDemo.c:968:13:ClearCommands	0	static
HSPDemo.c:1767:12:ChangeSimplePairingParameters	8	static
HSPDemo.c:1423:12:DisplayHelp	8	static
HSPDemo.c:533:13:UserInterface_Selection	8	static
HSPDemo.c:492:13:UserInterface_Client	8	static
HSPDemo.c:3799:12:AudioGatewayMode	8	static
HSPDemo.c:455:13:UserInterface_Server	8	static
HSPDemo.c:3788:12:HeadsetMode	8	static
HSPDemo.c:986:13:DisplayPrompt	8	static
HSPDemo.c:1001:13:DisplayFunctionError	8	static
HSPDemo.c:2364:12:SetClassOfDevice	32	static
HSPDemo.c:2268:12:SetLocalName	16	static
HSPDemo.c:1010:13:DisplayFWVersion	40	static
HSPDemo.c:979:13:BD_ADDRToStr	32	static
HSPDemo.c:2224:12:GetLocalAddress	32	static
HSPDemo.c:1527:12:DisplayInquiryList	32	static
HSPDemo.c:1378:12:DeleteLinkKey	40	static
HSPDemo.c:1072:12:OpenStack	56	static
HSPDemo.c:1283:12:SetConnect	8	static
HSPDemo.c:1631:12:SetConnectabilityMode	8	static
HSPDemo.c:1242:12:SetDisc	8	static
HSPDemo.c:1564:12:SetDiscoverabilityMode	8	static
HSPDemo.c:1693:12:SetPairabilityMode	8	static
HSPDemo.c:1323:12:SetPairable	8	static
HSPDemo.c:3836:21:GAP_Event_Callback	80	static
HSPDemo.c:2142:12:UserConfirmationResponse	48	static
HSPDemo.c:1037:12:QueryMemory	40	static
HSPDemo.c:3682:12:SetupAudioConnection	8	static
HSPDemo.c:3735:12:ReleaseAudioConnection	8	static
HSPDemo.c:3633:12:ManageAudioConnection	8	static
HSPDemo.c:3567:12:ChangeMicrophoneGain	8	static
HSPDemo.c:3442:12:ChangeSpeakerGain	8	static
HSPDemo.c:3506:12:RingIndication	8	static
HSPDemo.c:3312:12:CloseRemoteServer	8	static
HSPDemo.c:2422:12:GetClassOfDevice	16	static
HSPDemo.c:3190:12:OpenRemoteServer	40	static
HSPDemo.c:4207:21:HDSET_Event_Callback	32	static
HSPDemo.c:2522:12:ServiceDiscovery	72	static
HSPDemo.c:2659:13:DisplayDataElement	352	static
HSPDemo.c:2604:13:DisplaySDPAttributeResponse	24	static
HSPDemo.c:2628:13:DisplaySDPSearchAttributeResponse	16	static
HSPDemo.c:2871:21:SDP_Event_Callback	16	static
HSPDemo.c:2464:12:GetRemoteName	16	static
HSPDemo.c:2322:12:GetLocalName	272	static
HSPDemo.c:2060:12:PassKeyResponse	48	static
HSPDemo.c:1970:12:PINCodeResponse	72	static
HSPDemo.c:612:22:StringToUnsignedInteger	24	static
HSPDemo.c:720:14:StringParser	16	static
HSPDemo.c:759:12:CommandParser	32	static
HSPDemo.c:1908:12:EndPairing	8	static
HSPDemo.c:1824:12:Pair	24	static
HSPDemo.c:1483:12:Inquiry	24	static
HSPDemo.c:3378:12:PressButton	8	static
HSPDemo.c:3108:12:CloseServer	8	static
HSPDemo.c:2959:12:OpenServer	88	static
HSPDemo.c:1207:12:CloseStack	8	static
HSPDemo.c:944:26:FindCommand	24	static
HSPDemo.c:850:12:CommandInterpreter	16	static
HSPDemo.c:548:18:CommandLineInterpreter	64	static
HSPDemo.c:4339:5:InitializeApplication	8	static
HSPDemo.c:4413:11:ProcessCommandLine	8	static
