BTVS.c:137:12:MapSendRawResults	4	static
BTVS.c:163:12:WBS_Associate	40	static
BTVS.c:212:13:VS_Update_UART_Baud_Rate	64	static
BTVS.c:271:13:VS_Update_HCILL_Parameters	64	static
BTVS.c:315:13:VS_Enable_Sleep_Mode	64	static
BTVS.c:363:13:VS_Set_Bluetooth_Address	64	static
BTVS.c:413:13:VS_Set_Max_Output_Power	96	static
BTVS.c:585:13:VS_Enable_RF_SIG_Test_Mode	24	static
BTVS.c:633:13:VS_Enable_FCC_Test_Mode	80	static
BTVS.c:721:34:VS_Send_DDIP	56	static
BTVS.c:767:13:VS_EnableBLE	72	static
BTVS.c:816:13:VS_DisableBLE	72	static
BTVS.c:854:13:VS_EnableWBS_No_PCM	24	static
BTVS.c:884:13:VS_EnableWBS	96	static
BTVS.c:935:13:VS_DisableWBS	96	static
BTVS.c:985:13:VS_PCM_Codec_Config	80	static
BTVS.c:1063:13:VS_PCM_Codec_Config_Slave_I2S	80	static
BTVS.c:1146:13:VS_Set_Pcm_Loopback	40	static
BTVS.c:1173:13:VS_AVPR_Enable	64	static
BTVS.c:1216:13:VS_A3DP_Open_Stream	72	static
BTVS.c:1261:13:VS_A3DP_Close_Stream	56	static
BTVS.c:1297:13:VS_A3DP_Codec_Configuration	72	static
BTVS.c:1347:13:VS_A3DP_Start_Stream	56	static
BTVS.c:1383:13:VS_A3DP_Stop_Stream	64	static
BTVS.c:1421:13:VS_A3DP_Sink_Open_Stream	64	static
BTVS.c:1460:13:VS_A3DP_Sink_Close_Stream	48	static
BTVS.c:1497:13:VS_A3DP_Sink_Codec_Configuration	64	static
BTVS.c:1542:13:VS_A3DP_Sink_Start_Stream	48	static
BTVS.c:1578:13:VS_A3DP_Sink_Stop_Stream	48	static
BTVS.c:1615:13:VS_A3DP_Sink_Start_Audio	80	static
BTVS.c:1672:13:VS_AVPR_Debug	48	static
BTVS.c:1707:13:VS_A3DP_Multi_Room_Mode	56	static
