A3DPDemo_SNK.c:954:13:DisplayFunctionSuccess	0	static
A3DPDemo_SNK.c:943:13:DisplayUsage	0	static
A3DPDemo_SNK.c:925:13:DisplayIOCapabilities	0	static
A3DPDemo_SNK.c:1956:12:ChangeSimplePairingParameters	8	static
A3DPDemo_SNK.c:1757:12:DisplayHelp	16	static
A3DPDemo_SNK.c:949:13:DisplayFunctionError	0	static
A3DPDemo_SNK.c:919:13:BD_ADDRToStr	32	static
A3DPDemo_SNK.c:2943:12:GetLocalAddress	24	static
A3DPDemo_SNK.c:2072:12:SetLocalName	16	static
A3DPDemo_SNK.c:1268:12:DeleteLinkKey	64	static
A3DPDemo_SNK.c:1393:12:Initialize_Sink	280	static
A3DPDemo_SNK.c:2644:12:OpenA3DPEndpoint	16	static
A3DPDemo_SNK.c:2731:12:SetDiscoverabilityMode	8	static
A3DPDemo_SNK.c:2798:12:SetConnectabilityMode	8	static
A3DPDemo_SNK.c:1734:12:StopA3DPStream	16	static
A3DPDemo_SNK.c:1561:12:ReconfigureA3DPStream	16	static
A3DPDemo_SNK.c:2860:12:SetPairabilityMode	16	static
A3DPDemo_SNK.c:3422:21:GAP_Event_Callback	72	static
A3DPDemo_SNK.c:2568:12:UserConfirmationResponse	56	static
A3DPDemo_SNK.c:2489:12:PassKeyResponse	56	static
A3DPDemo_SNK.c:2402:12:PINCodeResponse	88	static
A3DPDemo_SNK.c:1809:12:QueryMemory	32	static
A3DPDemo_SNK.c:2987:12:SetBaudRate	16	static
A3DPDemo_SNK.c:2180:12:GetRemoteName	24	static
A3DPDemo_SNK.c:2293:12:GetClassOfDevice	16	static
A3DPDemo_SNK.c:2126:12:GetLocalName	16	static
A3DPDemo_SNK.c:2014:12:EndPairing	16	static
A3DPDemo_SNK.c:2334:12:Pair	32	static
A3DPDemo_SNK.c:1869:12:Inquiry	24	static
A3DPDemo_SNK.c:851:12:AddCommand	8	static
A3DPDemo_SNK.c:464:13:UserInterface	8	static
A3DPDemo_SNK.c:1918:12:DisplayInquiryList	24	static
A3DPDemo_SNK.c:660:14:StringParser	16	static
A3DPDemo_SNK.c:3110:12:PcmLoopback	16	static
A3DPDemo_SNK.c:1856:12:QueueRemoteControlCommand.constprop	16	static
A3DPDemo_SNK.c:964:12:OpenStack	376	static
A3DPDemo_SNK.c:2235:12:SetClassOfDevice	32	static
A3DPDemo_SNK.c:1654:12:CloseA3DPStream	48	static
A3DPDemo_SNK.c:2695:12:CloseA3DPEndpoint	16	static
A3DPDemo_SNK.c:1607:12:OpenA3DPStream	128	static
A3DPDemo_SNK.c:3169:21:AUD_Event_Callback	72	static
A3DPDemo_SNK.c:3769:5:InitializeApplication	16	static
A3DPDemo_SNK.c:3845:11:ProcessCommandLine	96	static
A3DPDemo_SNK.c:3852:5:SendRemoteControlCommand	56	static
A3DPDemo_SNK.c:1841:13:RemoteControlCommandAsync	32	static
A3DPDemo_SNK.c:3088:12:RemotePrev	8	static
A3DPDemo_SNK.c:3069:12:RemoteNext	8	static
A3DPDemo_SNK.c:3050:12:RemotePause	8	static
A3DPDemo_SNK.c:3031:12:RemotePlay	8	static
