GAPS.c:260:12:DecodePreferredConnectionParameters.part.0	0	static
GAPS.c:396:30:AcquireServiceInstance	16	static
GAPS.c:466:12:GAPSRegisterService	48	static
GAPS.c:529:21:GATT_ServerEventCallback	32	static
GAPS.c:610:5:InitializeGAPSModule	8	static
GAPS.c:628:6:CleanupGAPSModule	16	static
GAPS.c:657:13:GAPS_Initialize_Service	16	static
GAPS.c:679:13:GAPS_Initialize_Service_Handle_Range	0	static
GAPS.c:690:13:GAPS_Cleanup_Service	24	static
GAPS.c:734:22:GAPS_Query_Number_Attributes	0	static
GAPS.c:752:13:GAPS_Set_Device_Name	32	static
GAPS.c:801:13:GAPS_Query_Device_Name	32	static
GAPS.c:853:13:GAPS_Set_Device_Appearance	16	static
GAPS.c:891:13:GAPS_Query_Device_Appearance	16	static
GAPS.c:930:13:GAPS_Set_Preferred_Connection_Parameters	32	static
GAPS.c:975:13:GAPS_Query_Preferred_Connection_Parameters	24	static
GAPS.c:1022:13:GAPS_Decode_Preferred_Connection_Parameters	0	static
