HCITRANS.c:290:14:RxThread	24	static,ignoring_inline_asm
HCITRANS.c:129:13:TxInterrupt	0	static
HCITRANS.c:162:13:RxInterrupt	16	static,ignoring_inline_asm
HCITRANS.c:204:6:HAL_GPIO_EXTI_Callback	0	static
HCITRANS.c:242:6:USART2_IRQHandler	8	static
HCITRANS.c:384:13:HCITR_COMOpen	24	static
HCITRANS.c:479:14:HCITR_COMClose	16	static,ignoring_inline_asm
HCITRANS.c:551:14:HCITR_COMReconfigure	0	static,ignoring_inline_asm
HCITRANS.c:591:13:HCITR_COMWrite	32	static,ignoring_inline_asm
HCITRANS.c:704:13:HCITR_COMSuspend	0	static,ignoring_inline_asm
HCITRANS.c:763:13:HCITR_EnableDebugLogging	0	static
HCITRANS.c:782:6:HCITxInterruptHandler	0	static
HCITRANS.c:785:6:HCIRxInterruptHandler	0	static
