HRPDemo.c:1217:13:DisplayUsage	0	static
HRPDemo.c:1117:13:DisplayIOCapabilities	0	static
HRPDemo.c:2565:12:ChangePairingParameters	8	static
HRPDemo.c:2439:12:SetConnectabilityMode	8	static
HRPDemo.c:2386:12:SetDiscoverabilityMode	8	static
HRPDemo.c:2354:12:DisplayHelp	8	static
HRPDemo.c:1211:13:DisplayPrompt	0	static
HRPDemo.c:1223:13:DisplayFunctionError	0	static
HRPDemo.c:1077:13:BD_ADDRToStr	32	static
HRPDemo.c:2816:12:GetLocalAddress	40	static
HRPDemo.c:2486:12:SetPairabilityMode	16	static
HRPDemo.c:2002:12:DisconnectLEDevice	16	static
HRPDemo.c:3247:12:DisconnectLE	16	static
HRPDemo.c:2083:12:SendPairingRequest	80	static
HRPDemo.c:3282:12:PairLE	16	static
HRPDemo.c:1258:12:QueryMemory	32	static
HRPDemo.c:4107:12:SetBodySensorLocation	16	static
HRPDemo.c:3720:12:UnregisterHRS	16	static
HRPDemo.c:3671:12:RegisterHRS	32	static
HRPDemo.c:3423:12:SetLocalName	8	static
HRPDemo.c:2628:12:LEPassKeyResponse	48	static
HRPDemo.c:1087:13:StrToBD_ADDR	16	static
HRPDemo.c:3388:12:GetLocalName	64	static
HRPDemo.c:2749:12:LESetPasskey	24	static
HRPDemo.c:2705:12:LEQueryEncryption	16	static
HRPDemo.c:2861:12:SetBaudRate	16	static
HRPDemo.c:3143:12:StopScanning	8	static
HRPDemo.c:3118:12:StartScanning	32	static
HRPDemo.c:2906:12:AdvertiseLE	88	static
HRPDemo.c:1007:12:AddCommand	8	static
HRPDemo.c:3560:12:SetLocalAppearance	16	static
HRPDemo.c:808:14:StringParser	16	static
HRPDemo.c:1289:13:DisplayConnectLEUsage.constprop	8	static
HRPDemo.c:3172:12:ConnectLE	88	static
HRPDemo.c:572:22:SearchDeviceInfoEntryByBD_ADDR.constprop	24	static
HRPDemo.c:4746:21:HRS_EventCallback	40	static
HRPDemo.c:3888:12:NotifyHeartRate	24	static
HRPDemo.c:3321:12:DiscoverGAPS	48	static
HRPDemo.c:3753:12:DiscoverHRS	48	static
HRPDemo.c:3465:12:ReadRemoteName	16	static
HRPDemo.c:3615:12:GetRemoteAppearance	16	static
HRPDemo.c:4051:12:GetBodySensorLocation	32	static
HRPDemo.c:3809:12:ConfigureRemoteHRS	48	static
HRPDemo.c:4160:12:ResetEnergyExpended	56	static
HRPDemo.c:5107:21:GATT_ClientEventCallback_GAPS	32	static
HRPDemo.c:4910:21:GATT_ClientEventCallback_HRP	40	static
HRPDemo.c:5231:21:GATT_Connection_Event_Callback	64	static
HRPDemo.c:5356:21:GATT_Service_Discovery_Event_Callback	88	static
HRPDemo.c:3521:12:GetLocalAppearance	16	static
HRPDemo.c:4244:21:GAP_LE_Event_Callback	192	static
HRPDemo.c:5444:5:InitializeApplication	80	static
HRPDemo.c:5519:11:ProcessCommandLine	96	static
