stm32l4xx_hal_sd.c:3916:17:SD_FindSCR	56	static
stm32l4xx_hal_sd.c:4221:17:SD_UltraHighSpeed	120	static
stm32l4xx_hal_sd.c:650:13:HAL_SD_MspInit	0	static
stm32l4xx_hal_sd.c:665:13:HAL_SD_MspDeInit	0	static
stm32l4xx_hal_sd.c:593:19:HAL_SD_DeInit	8	static
stm32l4xx_hal_sd.c:706:19:HAL_SD_ReadBlocks	64	static
stm32l4xx_hal_sd.c:929:19:HAL_SD_WriteBlocks	72	static
stm32l4xx_hal_sd.c:1123:19:HAL_SD_ReadBlocks_IT	48	static
stm32l4xx_hal_sd.c:1222:19:HAL_SD_WriteBlocks_IT	48	static
stm32l4xx_hal_sd.c:1330:19:HAL_SD_ReadBlocks_DMA	48	static
stm32l4xx_hal_sd.c:1461:19:HAL_SD_WriteBlocks_DMA	56	static
stm32l4xx_hal_sd.c:1599:19:HAL_SD_Erase	24	static
stm32l4xx_hal_sd.c:2010:21:HAL_SD_GetState	0	static
stm32l4xx_hal_sd.c:2021:10:HAL_SD_GetError	0	static
stm32l4xx_hal_sd.c:2031:13:HAL_SD_TxCpltCallback	0	static
stm32l4xx_hal_sd.c:2046:13:HAL_SD_RxCpltCallback	0	static
stm32l4xx_hal_sd.c:2061:13:HAL_SD_ErrorCallback	0	static
stm32l4xx_hal_sd.c:1701:6:HAL_SD_IRQHandler	32	static
stm32l4xx_hal_sd.c:2076:13:HAL_SD_AbortCallback	0	static
stm32l4xx_hal_sd.c:2393:19:HAL_SD_GetCardCID	8	static
stm32l4xx_hal_sd.c:2426:19:HAL_SD_GetCardCSD	8	static
stm32l4xx_hal_sd.c:484:19:HAL_SD_InitCard	128	static
stm32l4xx_hal_sd.c:2540:19:HAL_SD_GetCardStatus	112	static
stm32l4xx_hal_sd.c:2606:19:HAL_SD_GetCardInfo	0	static
stm32l4xx_hal_sd.c:2631:19:HAL_SD_ConfigWideBusOperation	56	static
stm32l4xx_hal_sd.c:3016:25:HAL_SD_GetCardState	8	static
stm32l4xx_hal_sd.c:357:19:HAL_SD_Init	40	static
stm32l4xx_hal_sd.c:3039:19:HAL_SD_Abort	8	static
stm32l4xx_hal_sd.c:3110:19:HAL_SD_Abort_IT	16	static
stm32l4xx_hal_sd.c:4108:10:SD_HighSpeed	120	static
stm32l4xx_hal_sd.c:2808:19:HAL_SD_ConfigSpeedBusOperation	120	static
