stm32l4xx_it.c:91:6:NMI_Handler	0	static
stm32l4xx_it.c:106:6:HardFault_Handler	0	static
stm32l4xx_it.c:121:6:MemManage_Handler	0	static
stm32l4xx_it.c:136:6:BusFault_Handler	0	static
stm32l4xx_it.c:151:6:UsageFault_Handler	0	static
stm32l4xx_it.c:166:6:DebugMon_Handler	0	static
stm32l4xx_it.c:186:6:EXTI3_IRQHandler	0	static
stm32l4xx_it.c:200:6:DMA1_Channel1_IRQHandler	0	static
stm32l4xx_it.c:214:6:DMA1_Channel2_IRQHandler	0	static
stm32l4xx_it.c:228:6:DMA1_Channel3_IRQHandler	0	static
stm32l4xx_it.c:242:6:DMA1_Channel4_IRQHandler	0	static
stm32l4xx_it.c:256:6:DMA1_Channel7_IRQHandler	0	static
stm32l4xx_it.c:270:6:TIM1_TRG_COM_TIM17_IRQHandler	0	static
stm32l4xx_it.c:284:6:I2C1_EV_IRQHandler	0	static
stm32l4xx_it.c:298:6:I2C1_ER_IRQHandler	0	static
stm32l4xx_it.c:312:6:I2C2_EV_IRQHandler	0	static
stm32l4xx_it.c:326:6:I2C2_ER_IRQHandler	0	static
stm32l4xx_it.c:340:6:SPI1_IRQHandler	0	static
stm32l4xx_it.c:354:6:USART1_IRQHandler	0	static
stm32l4xx_it.c:383:6:USART3_IRQHandler	0	static
stm32l4xx_it.c:397:6:EXTI15_10_IRQHandler	8	static
stm32l4xx_it.c:412:6:SDMMC1_IRQHandler	0	static
stm32l4xx_it.c:426:6:TIM6_DAC_IRQHandler	0	static
stm32l4xx_it.c:440:6:DMA2_Channel1_IRQHandler	0	static
stm32l4xx_it.c:454:6:DMA2_Channel4_IRQHandler	0	static
stm32l4xx_it.c:468:6:DMA2_Channel5_IRQHandler	0	static
stm32l4xx_it.c:482:6:OTG_FS_IRQHandler	0	static
stm32l4xx_it.c:496:6:DMA2_Channel6_IRQHandler	0	static
stm32l4xx_it.c:510:6:DMA2_Channel7_IRQHandler	0	static
stm32l4xx_it.c:524:6:I2C4_EV_IRQHandler	0	static
stm32l4xx_it.c:538:6:I2C4_ER_IRQHandler	0	static
