stm32l4xx_it.c:92:6:NMI_Handler	4	static
stm32l4xx_it.c:107:6:HardFault_Handler	4	static
stm32l4xx_it.c:122:6:MemManage_Handler	4	static
stm32l4xx_it.c:137:6:BusFault_Handler	4	static
stm32l4xx_it.c:152:6:UsageFault_Handler	4	static
stm32l4xx_it.c:167:6:DebugMon_Handler	4	static
stm32l4xx_it.c:187:6:EXTI3_IRQHandler	8	static
stm32l4xx_it.c:201:6:DMA1_Channel1_IRQHandler	8	static
stm32l4xx_it.c:215:6:DMA1_Channel2_IRQHandler	8	static
stm32l4xx_it.c:229:6:DMA1_Channel3_IRQHandler	8	static
stm32l4xx_it.c:243:6:DMA1_Channel4_IRQHandler	8	static
stm32l4xx_it.c:257:6:DMA1_Channel7_IRQHandler	8	static
stm32l4xx_it.c:271:6:TIM1_TRG_COM_TIM17_IRQHandler	8	static
stm32l4xx_it.c:285:6:I2C1_EV_IRQHandler	8	static
stm32l4xx_it.c:299:6:I2C1_ER_IRQHandler	8	static
stm32l4xx_it.c:313:6:I2C2_EV_IRQHandler	8	static
stm32l4xx_it.c:327:6:I2C2_ER_IRQHandler	8	static
stm32l4xx_it.c:341:6:SPI1_IRQHandler	8	static
stm32l4xx_it.c:355:6:USART1_IRQHandler	8	static
stm32l4xx_it.c:384:6:USART3_IRQHandler	8	static
stm32l4xx_it.c:398:6:EXTI15_10_IRQHandler	8	static
stm32l4xx_it.c:413:6:SDMMC1_IRQHandler	8	static
stm32l4xx_it.c:427:6:TIM6_DAC_IRQHandler	8	static
stm32l4xx_it.c:441:6:DMA2_Channel1_IRQHandler	8	static
stm32l4xx_it.c:455:6:DMA2_Channel4_IRQHandler	8	static
stm32l4xx_it.c:469:6:DMA2_Channel5_IRQHandler	8	static
stm32l4xx_it.c:483:6:OTG_FS_IRQHandler	8	static
stm32l4xx_it.c:497:6:DMA2_Channel6_IRQHandler	8	static
stm32l4xx_it.c:511:6:DMA2_Channel7_IRQHandler	8	static
stm32l4xx_it.c:525:6:I2C4_EV_IRQHandler	8	static
stm32l4xx_it.c:539:6:I2C4_ER_IRQHandler	8	static
stm32l4xx_it.c:551:6:LPUART1_IRQHandler	8	static
