usart.c:45:6:MX_LPUART1_UART_Init	8	static
usart.c:94:6:MX_USART1_UART_Init	8	static
usart.c:138:6:MX_USART2_UART_Init	8	static
usart.c:182:6:MX_USART3_UART_Init	8	static
usart.c:226:6:HAL_UART_MspInit	216	static
usart.c:458:6:HAL_UART_MspDeInit	16	static
usart.c:564:6:serialOutputCallback	16	static
usart.c:568:6:serialOutputOveflowCallback	4	static
usart.c:574:6:serialInputInitCallback	4	static
usart.c:578:6:TxConsoleHandler	4	static
usart.c:582:6:RxConsoleHandler	16	static
usart.c:586:6:HAL_UART_TxCpltCallback	16	static
usart.c:595:6:HAL_UART_RxCpltCallback	16	static
