usart.c:44:6:MX_LPUART1_UART_Init	8	static
usart.c:93:6:MX_USART1_UART_Init	8	static
usart.c:137:6:MX_USART2_UART_Init	8	static
usart.c:181:6:MX_USART3_UART_Init	8	static
usart.c:225:6:HAL_UART_MspInit	216	static
usart.c:457:6:HAL_UART_MspDeInit	16	static
usart.c:563:6:serialOutputCallback	16	static
usart.c:567:6:serialInputInitCallback	4	static
usart.c:571:6:TxConsoleHandler	4	static
usart.c:575:6:RxConsoleHandler	16	static
usart.c:579:6:HAL_UART_TxCpltCallback	16	static
usart.c:588:6:HAL_UART_RxCpltCallback	16	static
