BTPSKRNL.c:169:13:HeapInit	24	static
BTPSKRNL.c:202:14:MemAlloc	40	static
BTPSKRNL.c:336:13:MemFree	32	static
BTPSKRNL.c:404:12:GetHeapStatistics	40	static
BTPSKRNL.c:465:13:ThreadWrapper	16	static
BTPSKRNL.c:488:13:BTPS_QueryMemoryUsage	16	static
BTPSKRNL.c:497:14:BTPS_Delay	16	static
BTPSKRNL.c:522:17:BTPS_CreateMutex	24	static
BTPSKRNL.c:565:19:BTPS_WaitMutex	24	static
BTPSKRNL.c:622:14:BTPS_ReleaseMutex	16	static
BTPSKRNL.c:640:14:BTPS_CloseMutex	16	static
BTPSKRNL.c:666:17:BTPS_CreateEvent	24	static
BTPSKRNL.c:727:19:BTPS_WaitEvent	24	static
BTPSKRNL.c:816:14:BTPS_ResetEvent	16	static
BTPSKRNL.c:853:14:BTPS_SetEvent	16	static
BTPSKRNL.c:890:14:BTPS_CloseEvent	16	static
BTPSKRNL.c:908:15:BTPS_AllocateMemory	24	static
BTPSKRNL.c:934:14:BTPS_FreeMemory	16	static
BTPSKRNL.c:955:14:BTPS_MemCopy	24	static
BTPSKRNL.c:972:14:BTPS_MemMove	24	static
BTPSKRNL.c:985:14:BTPS_MemInitialize	24	static
BTPSKRNL.c:997:13:BTPS_MemCompare	24	static
BTPSKRNL.c:1010:13:BTPS_MemCompareI	40	static
BTPSKRNL.c:1057:14:BTPS_StringCopy	16	static
BTPSKRNL.c:1069:22:BTPS_StringLength	16	static
BTPSKRNL.c:1079:13:BTPS_SprintF	28	static
BTPSKRNL.c:1107:24:BTPS_CreateThread	48	static
BTPSKRNL.c:1164:24:BTPS_CurrentThreadHandle	8	static
BTPSKRNL.c:1181:19:BTPS_CreateMailbox	32	static
BTPSKRNL.c:1234:19:BTPS_AddMailbox	24	static
BTPSKRNL.c:1281:19:BTPS_WaitMailbox	24	static
BTPSKRNL.c:1320:14:BTPS_DeleteMailbox	40	static
BTPSKRNL.c:1388:14:BTPS_Init	16	static
BTPSKRNL.c:1416:14:BTPS_DeInit	8	static
BTPSKRNL.c:1429:14:BTPS_OutputMessage	272	static
BTPSKRNL.c:1457:14:BTPS_SetDebugMask	16	static
BTPSKRNL.c:1464:13:BTPS_TestDebugZone	16	static
BTPSKRNL.c:1473:13:BTPS_DumpData	32	static
